Component: ARM Compiler 5.06 update 5 (build 528) Tool: armlink [4d35e2]

==============================================================================

Section Cross References

    startup_mdr32f9qx.o(RESET) refers to startup_mdr32f9qx.o(STACK) for __initial_sp
    startup_mdr32f9qx.o(RESET) refers to startup_mdr32f9qx.o(.text) for Reset_Handler
    startup_mdr32f9qx.o(RESET) refers to uart.o(i.UART2_IRQHandler) for UART2_IRQHandler
    startup_mdr32f9qx.o(RESET) refers to timer.o(i.Timer1_IRQHandler) for Timer1_IRQHandler
    startup_mdr32f9qx.o(RESET) refers to ssp.o(i.SSP2_IRQHandler) for SSP2_IRQHandler
    startup_mdr32f9qx.o(.text) refers to main.o(i.Sys_Init) for Sys_Init
    startup_mdr32f9qx.o(.text) refers to entry.o(.ARM.Collect$$$$00000000) for __main
    main.o(i.Sys_Init) refers to main.o(i.Port_Init) for Port_Init
    main.o(i.Sys_Init) refers to main.o(i.Clk_Init) for Clk_Init
    main.o(i.main) refers to ssp.o(i.SSP2Config) for SSP2Config
    main.o(i.main) refers to uart.o(i.UART2Config) for UART2Config
    main.o(i.main) refers to main.o(.bss) for global_var
    uart.o(i.OutMass) refers to uart.o(i.bytesOUT) for bytesOUT
    uart.o(i.TOout) refers to uart.o(i.bytesOUT) for bytesOUT
    entry.o(.ARM.Collect$$$$00000000) refers (Special) to entry10a.o(.ARM.Collect$$$$0000000D) for __rt_final_cpp
    entry.o(.ARM.Collect$$$$00000000) refers (Special) to entry11a.o(.ARM.Collect$$$$0000000F) for __rt_final_exit
    entry.o(.ARM.Collect$$$$00000000) refers (Special) to entry7b.o(.ARM.Collect$$$$00000008) for _main_clock
    entry.o(.ARM.Collect$$$$00000000) refers (Special) to entry8b.o(.ARM.Collect$$$$0000000A) for _main_cpp_init
    entry.o(.ARM.Collect$$$$00000000) refers (Special) to entry9a.o(.ARM.Collect$$$$0000000B) for _main_init
    entry.o(.ARM.Collect$$$$00000000) refers (Special) to entry5.o(.ARM.Collect$$$$00000004) for _main_scatterload
    entry.o(.ARM.Collect$$$$00000000) refers (Special) to entry2.o(.ARM.Collect$$$$00000001) for _main_stk
    entry2.o(.ARM.Collect$$$$00000001) refers to entry2.o(.ARM.Collect$$$$00002712) for __lit__00000000
    entry2.o(.ARM.Collect$$$$00002712) refers to startup_mdr32f9qx.o(STACK) for __initial_sp
    entry2.o(__vectab_stack_and_reset_area) refers to startup_mdr32f9qx.o(STACK) for __initial_sp
    entry2.o(__vectab_stack_and_reset_area) refers to entry.o(.ARM.Collect$$$$00000000) for __main
    entry5.o(.ARM.Collect$$$$00000004) refers to init.o(.text) for __scatterload
    entry9a.o(.ARM.Collect$$$$0000000B) refers to main.o(i.main) for main
    entry9b.o(.ARM.Collect$$$$0000000C) refers to main.o(i.main) for main
    init.o(.text) refers to entry5.o(.ARM.Collect$$$$00000004) for __main_after_scatterload


==============================================================================

Removing Unused input sections from the image.

    Removing main.o(.rev16_text), (4 bytes).
    Removing main.o(.revsh_text), (4 bytes).
    Removing timer.o(.rev16_text), (4 bytes).
    Removing timer.o(.revsh_text), (4 bytes).
    Removing timer.o(i.TimerConfig), (60 bytes).
    Removing uart.o(.rev16_text), (4 bytes).
    Removing uart.o(.revsh_text), (4 bytes).
    Removing uart.o(i.OutMass), (56 bytes).
    Removing uart.o(i.TOout), (80 bytes).
    Removing uart.o(i.bytesOUT), (44 bytes).
    Removing ssp.o(.rev16_text), (4 bytes).
    Removing ssp.o(.revsh_text), (4 bytes).

12 unused section(s) (total 272 bytes) removed from the image.

==============================================================================

Image Symbol Table

    Local Symbols

    Symbol Name                              Value     Ov Type        Size  Object(Section)

    ../clib/microlib/init/entry.s            0x00000000   Number         0  entry5.o ABSOLUTE
    ../clib/microlib/init/entry.s            0x00000000   Number         0  entry2.o ABSOLUTE
    ../clib/microlib/init/entry.s            0x00000000   Number         0  entry11b.o ABSOLUTE
    ../clib/microlib/init/entry.s            0x00000000   Number         0  entry11a.o ABSOLUTE
    ../clib/microlib/init/entry.s            0x00000000   Number         0  entry10b.o ABSOLUTE
    ../clib/microlib/init/entry.s            0x00000000   Number         0  entry10a.o ABSOLUTE
    ../clib/microlib/init/entry.s            0x00000000   Number         0  entry9b.o ABSOLUTE
    ../clib/microlib/init/entry.s            0x00000000   Number         0  entry9a.o ABSOLUTE
    ../clib/microlib/init/entry.s            0x00000000   Number         0  entry8b.o ABSOLUTE
    ../clib/microlib/init/entry.s            0x00000000   Number         0  entry8a.o ABSOLUTE
    ../clib/microlib/init/entry.s            0x00000000   Number         0  entry7b.o ABSOLUTE
    ../clib/microlib/init/entry.s            0x00000000   Number         0  entry7a.o ABSOLUTE
    ../clib/microlib/init/entry.s            0x00000000   Number         0  entry.o ABSOLUTE
    dc.s                                     0x00000000   Number         0  dc.o ABSOLUTE
    handlers.s                               0x00000000   Number         0  handlers.o ABSOLUTE
    init.s                                   0x00000000   Number         0  init.o ABSOLUTE
    src\\main.c                              0x00000000   Number         0  main.o ABSOLUTE
    src\\ssp.c                               0x00000000   Number         0  ssp.o ABSOLUTE
    src\\timer.c                             0x00000000   Number         0  timer.o ABSOLUTE
    src\\uart.c                              0x00000000   Number         0  uart.o ABSOLUTE
    src\main.c                               0x00000000   Number         0  main.o ABSOLUTE
    src\ssp.c                                0x00000000   Number         0  ssp.o ABSOLUTE
    src\startup_MDR32F9Qx.s                  0x00000000   Number         0  startup_mdr32f9qx.o ABSOLUTE
    src\timer.c                              0x00000000   Number         0  timer.o ABSOLUTE
    src\uart.c                               0x00000000   Number         0  uart.o ABSOLUTE
    RESET                                    0x08000000   Section      192  startup_mdr32f9qx.o(RESET)
    .ARM.Collect$$$$00000000                 0x080000c0   Section        0  entry.o(.ARM.Collect$$$$00000000)
    .ARM.Collect$$$$00000001                 0x080000c0   Section        4  entry2.o(.ARM.Collect$$$$00000001)
    .ARM.Collect$$$$00000004                 0x080000c4   Section        4  entry5.o(.ARM.Collect$$$$00000004)
    .ARM.Collect$$$$00000008                 0x080000c8   Section        0  entry7b.o(.ARM.Collect$$$$00000008)
    .ARM.Collect$$$$0000000A                 0x080000c8   Section        0  entry8b.o(.ARM.Collect$$$$0000000A)
    .ARM.Collect$$$$0000000B                 0x080000c8   Section        8  entry9a.o(.ARM.Collect$$$$0000000B)
    .ARM.Collect$$$$0000000D                 0x080000d0   Section        0  entry10a.o(.ARM.Collect$$$$0000000D)
    .ARM.Collect$$$$0000000F                 0x080000d0   Section        0  entry11a.o(.ARM.Collect$$$$0000000F)
    .ARM.Collect$$$$00002712                 0x080000d0   Section        4  entry2.o(.ARM.Collect$$$$00002712)
    __lit__00000000                          0x080000d0   Data           4  entry2.o(.ARM.Collect$$$$00002712)
    .text                                    0x080000d4   Section       36  startup_mdr32f9qx.o(.text)
    .text                                    0x080000f8   Section       36  init.o(.text)
    i.Clk_Init                               0x0800011c   Section        0  main.o(i.Clk_Init)
    i.Port_Init                              0x08000184   Section        0  main.o(i.Port_Init)
    i.SSP2Config                             0x080001d8   Section        0  ssp.o(i.SSP2Config)
    i.SSP2_IRQHandler                        0x0800021c   Section        0  ssp.o(i.SSP2_IRQHandler)
    i.Sys_Init                               0x08000254   Section        0  main.o(i.Sys_Init)
    i.Timer1_IRQHandler                      0x08000260   Section        0  timer.o(i.Timer1_IRQHandler)
    i.UART2Config                            0x080002a0   Section        0  uart.o(i.UART2Config)
    i.UART2_IRQHandler                       0x080002ec   Section        0  uart.o(i.UART2_IRQHandler)
    i.__scatterload_copy                     0x08000320   Section       14  handlers.o(i.__scatterload_copy)
    i.__scatterload_null                     0x0800032e   Section        2  handlers.o(i.__scatterload_null)
    i.__scatterload_zeroinit                 0x08000330   Section       14  handlers.o(i.__scatterload_zeroinit)
    i.main                                   0x08000340   Section        0  main.o(i.main)
    .bss                                     0x20002000   Section       36  main.o(.bss)
    STACK                                    0x20002028   Section      256  startup_mdr32f9qx.o(STACK)

    Global Symbols

    Symbol Name                              Value     Ov Type        Size  Object(Section)

    BuildAttributes$$THM_ISAv4$P$D$K$B$S$PE$A:L22UL41UL21$X:L11$S22US41US21$IEEE1$IW$USESV6$~STKCKD$USESV7$~SHL$OSPACE$EBA8$MICROLIB$REQ8$PRES8$EABIv2 0x00000000   Number         0  anon$$obj.o ABSOLUTE
    __ARM_use_no_argv                        0x00000000   Number         0  main.o ABSOLUTE
    __cpp_initialize__aeabi_                  - Undefined Weak Reference
    __cxa_finalize                            - Undefined Weak Reference
    __decompress                              - Undefined Weak Reference
    _clock_init                               - Undefined Weak Reference
    _microlib_exit                            - Undefined Weak Reference
    __Vectors_Size                           0x000000c0   Number         0  startup_mdr32f9qx.o ABSOLUTE
    __Vectors                                0x08000000   Data           4  startup_mdr32f9qx.o(RESET)
    __Vectors_End                            0x080000c0   Data           0  startup_mdr32f9qx.o(RESET)
    __main                                   0x080000c1   Thumb Code     0  entry.o(.ARM.Collect$$$$00000000)
    _main_stk                                0x080000c1   Thumb Code     0  entry2.o(.ARM.Collect$$$$00000001)
    _main_scatterload                        0x080000c5   Thumb Code     0  entry5.o(.ARM.Collect$$$$00000004)
    __main_after_scatterload                 0x080000c9   Thumb Code     0  entry5.o(.ARM.Collect$$$$00000004)
    _main_clock                              0x080000c9   Thumb Code     0  entry7b.o(.ARM.Collect$$$$00000008)
    _main_cpp_init                           0x080000c9   Thumb Code     0  entry8b.o(.ARM.Collect$$$$0000000A)
    _main_init                               0x080000c9   Thumb Code     0  entry9a.o(.ARM.Collect$$$$0000000B)
    __rt_final_cpp                           0x080000d1   Thumb Code     0  entry10a.o(.ARM.Collect$$$$0000000D)
    __rt_final_exit                          0x080000d1   Thumb Code     0  entry11a.o(.ARM.Collect$$$$0000000F)
    Reset_Handler                            0x080000d5   Thumb Code     8  startup_mdr32f9qx.o(.text)
    NMI_Handler                              0x080000dd   Thumb Code     2  startup_mdr32f9qx.o(.text)
    HardFault_Handler                        0x080000df   Thumb Code     2  startup_mdr32f9qx.o(.text)
    MemManage_Handler                        0x080000e1   Thumb Code     2  startup_mdr32f9qx.o(.text)
    BusFault_Handler                         0x080000e3   Thumb Code     2  startup_mdr32f9qx.o(.text)
    UsageFault_Handler                       0x080000e5   Thumb Code     2  startup_mdr32f9qx.o(.text)
    SVC_Handler                              0x080000e7   Thumb Code     2  startup_mdr32f9qx.o(.text)
    DebugMon_Handler                         0x080000e9   Thumb Code     2  startup_mdr32f9qx.o(.text)
    PendSV_Handler                           0x080000eb   Thumb Code     2  startup_mdr32f9qx.o(.text)
    SysTick_Handler                          0x080000ed   Thumb Code     2  startup_mdr32f9qx.o(.text)
    ADC_IRQHandler                           0x080000ef   Thumb Code     0  startup_mdr32f9qx.o(.text)
    BACKUP_IRQHandler                        0x080000ef   Thumb Code     0  startup_mdr32f9qx.o(.text)
    CAN1_IRQHandler                          0x080000ef   Thumb Code     0  startup_mdr32f9qx.o(.text)
    CAN2_IRQHandler                          0x080000ef   Thumb Code     0  startup_mdr32f9qx.o(.text)
    COMPARATOR_IRQHandler                    0x080000ef   Thumb Code     0  startup_mdr32f9qx.o(.text)
    DMA_IRQHandler                           0x080000ef   Thumb Code     0  startup_mdr32f9qx.o(.text)
    EXT_INT1_IRQHandler                      0x080000ef   Thumb Code     0  startup_mdr32f9qx.o(.text)
    EXT_INT2_IRQHandler                      0x080000ef   Thumb Code     0  startup_mdr32f9qx.o(.text)
    EXT_INT3_IRQHandler                      0x080000ef   Thumb Code     0  startup_mdr32f9qx.o(.text)
    EXT_INT4_IRQHandler                      0x080000ef   Thumb Code     0  startup_mdr32f9qx.o(.text)
    I2C_IRQHandler                           0x080000ef   Thumb Code     0  startup_mdr32f9qx.o(.text)
    POWER_IRQHandler                         0x080000ef   Thumb Code     0  startup_mdr32f9qx.o(.text)
    SSP1_IRQHandler                          0x080000ef   Thumb Code     0  startup_mdr32f9qx.o(.text)
    Timer2_IRQHandler                        0x080000ef   Thumb Code     0  startup_mdr32f9qx.o(.text)
    Timer3_IRQHandler                        0x080000ef   Thumb Code     0  startup_mdr32f9qx.o(.text)
    UART1_IRQHandler                         0x080000ef   Thumb Code     0  startup_mdr32f9qx.o(.text)
    USB_IRQHandler                           0x080000ef   Thumb Code     0  startup_mdr32f9qx.o(.text)
    WWDG_IRQHandler                          0x080000ef   Thumb Code     0  startup_mdr32f9qx.o(.text)
    __scatterload                            0x080000f9   Thumb Code    28  init.o(.text)
    __scatterload_rt2                        0x080000f9   Thumb Code     0  init.o(.text)
    Clk_Init                                 0x0800011d   Thumb Code    88  main.o(i.Clk_Init)
    Port_Init                                0x08000185   Thumb Code    68  main.o(i.Port_Init)
    SSP2Config                               0x080001d9   Thumb Code    48  ssp.o(i.SSP2Config)
    SSP2_IRQHandler                          0x0800021d   Thumb Code    50  ssp.o(i.SSP2_IRQHandler)
    Sys_Init                                 0x08000255   Thumb Code    12  main.o(i.Sys_Init)
    Timer1_IRQHandler                        0x08000261   Thumb Code    50  timer.o(i.Timer1_IRQHandler)
    UART2Config                              0x080002a1   Thumb Code    60  uart.o(i.UART2Config)
    UART2_IRQHandler                         0x080002ed   Thumb Code    48  uart.o(i.UART2_IRQHandler)
    __scatterload_copy                       0x08000321   Thumb Code    14  handlers.o(i.__scatterload_copy)
    __scatterload_null                       0x0800032f   Thumb Code     2  handlers.o(i.__scatterload_null)
    __scatterload_zeroinit                   0x08000331   Thumb Code    14  handlers.o(i.__scatterload_zeroinit)
    main                                     0x08000341   Thumb Code    52  main.o(i.main)
    Region$$Table$$Base                      0x08000378   Number         0  anon$$obj.o(Region$$Table)
    Region$$Table$$Limit                     0x08000388   Number         0  anon$$obj.o(Region$$Table)
    global_var                               0x20002000   Data          36  main.o(.bss)
    __initial_sp                             0x20002128   Data           0  startup_mdr32f9qx.o(STACK)



==============================================================================

Memory Map of the image

  Image Entry point : 0x080000c1

  Load Region LR_IROM1 (Base: 0x08000000, Size: 0x00000388, Max: 0x00020000, ABSOLUTE)

    Execution Region ER_IROM1 (Exec base: 0x08000000, Load base: 0x08000000, Size: 0x00000388, Max: 0x00020000, ABSOLUTE)

    Exec Addr    Load Addr    Size         Type   Attr      Idx    E Section Name        Object

    0x08000000   0x08000000   0x000000c0   Data   RO            2    RESET               startup_mdr32f9qx.o
    0x080000c0   0x080000c0   0x00000000   Code   RO          166  * .ARM.Collect$$$$00000000  mc_w.l(entry.o)
    0x080000c0   0x080000c0   0x00000004   Code   RO          169    .ARM.Collect$$$$00000001  mc_w.l(entry2.o)
    0x080000c4   0x080000c4   0x00000004   Code   RO          172    .ARM.Collect$$$$00000004  mc_w.l(entry5.o)
    0x080000c8   0x080000c8   0x00000000   Code   RO          174    .ARM.Collect$$$$00000008  mc_w.l(entry7b.o)
    0x080000c8   0x080000c8   0x00000000   Code   RO          176    .ARM.Collect$$$$0000000A  mc_w.l(entry8b.o)
    0x080000c8   0x080000c8   0x00000008   Code   RO          177    .ARM.Collect$$$$0000000B  mc_w.l(entry9a.o)
    0x080000d0   0x080000d0   0x00000000   Code   RO          179    .ARM.Collect$$$$0000000D  mc_w.l(entry10a.o)
    0x080000d0   0x080000d0   0x00000000   Code   RO          181    .ARM.Collect$$$$0000000F  mc_w.l(entry11a.o)
    0x080000d0   0x080000d0   0x00000004   Code   RO          170    .ARM.Collect$$$$00002712  mc_w.l(entry2.o)
    0x080000d4   0x080000d4   0x00000024   Code   RO            3    .text               startup_mdr32f9qx.o
    0x080000f8   0x080000f8   0x00000024   Code   RO          183    .text               mc_w.l(init.o)
    0x0800011c   0x0800011c   0x00000068   Code   RO           11    i.Clk_Init          main.o
    0x08000184   0x08000184   0x00000054   Code   RO           12    i.Port_Init         main.o
    0x080001d8   0x080001d8   0x00000044   Code   RO          142    i.SSP2Config        ssp.o
    0x0800021c   0x0800021c   0x00000038   Code   RO          143    i.SSP2_IRQHandler   ssp.o
    0x08000254   0x08000254   0x0000000c   Code   RO           13    i.Sys_Init          main.o
    0x08000260   0x08000260   0x00000040   Code   RO           72    i.Timer1_IRQHandler  timer.o
    0x080002a0   0x080002a0   0x0000004c   Code   RO          100    i.UART2Config       uart.o
    0x080002ec   0x080002ec   0x00000034   Code   RO          101    i.UART2_IRQHandler  uart.o
    0x08000320   0x08000320   0x0000000e   Code   RO          187    i.__scatterload_copy  mc_w.l(handlers.o)
    0x0800032e   0x0800032e   0x00000002   Code   RO          188    i.__scatterload_null  mc_w.l(handlers.o)
    0x08000330   0x08000330   0x0000000e   Code   RO          189    i.__scatterload_zeroinit  mc_w.l(handlers.o)
    0x0800033e   0x0800033e   0x00000002   PAD
    0x08000340   0x08000340   0x00000038   Code   RO           14    i.main              main.o
    0x08000378   0x08000378   0x00000010   Data   RO          185    Region$$Table       anon$$obj.o


    Execution Region RW_IRAM1 (Exec base: 0x20002000, Load base: 0x08000388, Size: 0x00000128, Max: 0x00006000, ABSOLUTE)

    Exec Addr    Load Addr    Size         Type   Attr      Idx    E Section Name        Object

    0x20002000        -       0x00000024   Zero   RW           15    .bss                main.o
    0x20002024   0x08000388   0x00000004   PAD
    0x20002028        -       0x00000100   Zero   RW            1    STACK               startup_mdr32f9qx.o


==============================================================================

Image component sizes


      Code (inc. data)   RO Data    RW Data    ZI Data      Debug   Object Name

       256         36          0          0         36      52286   main.o
       124         26          0          0          0       1123   ssp.o
        36          8        192          0        256        756   startup_mdr32f9qx.o
        64         14          0          0          0        432   timer.o
       128         20          0          0          0       1081   uart.o

    ----------------------------------------------------------------------
       608        104        208          0        296      55678   Object Totals
         0          0         16          0          0          0   (incl. Generated)
         0          0          0          0          4          0   (incl. Padding)

    ----------------------------------------------------------------------

      Code (inc. data)   RO Data    RW Data    ZI Data      Debug   Library Member Name

         0          0          0          0          0          0   entry.o
         0          0          0          0          0          0   entry10a.o
         0          0          0          0          0          0   entry11a.o
         8          4          0          0          0          0   entry2.o
         4          0          0          0          0          0   entry5.o
         0          0          0          0          0          0   entry7b.o
         0          0          0          0          0          0   entry8b.o
         8          4          0          0          0          0   entry9a.o
        30          0          0          0          0          0   handlers.o
        36          8          0          0          0         68   init.o

    ----------------------------------------------------------------------
        88         16          0          0          0         68   Library Totals
         2          0          0          0          0          0   (incl. Padding)

    ----------------------------------------------------------------------

      Code (inc. data)   RO Data    RW Data    ZI Data      Debug   Library Name

        86         16          0          0          0         68   mc_w.l

    ----------------------------------------------------------------------
        88         16          0          0          0         68   Library Totals

    ----------------------------------------------------------------------

==============================================================================


      Code (inc. data)   RO Data    RW Data    ZI Data      Debug   

       696        120        208          0        296      55586   Grand Totals
       696        120        208          0        296      55586   ELF Image Totals
       696        120        208          0          0          0   ROM Totals

==============================================================================

    Total RO  Size (Code + RO Data)                  904 (   0.88kB)
    Total RW  Size (RW Data + ZI Data)               296 (   0.29kB)
    Total ROM Size (Code + RO Data + RW Data)        904 (   0.88kB)

==============================================================================

